// Jest Snapshot v1, https://goo.gl/fbAQLP

exports[`Pruebas en <TodoListItem /> Debe de mostrarse correctamente 1`] = `
<li
  className="list-group-item"
>
  <p
    className="false"
    onClick={[Function]}
  >
    2
    . 
    Aprender Mongo
  </p>
  <button
    className="btn btn-danger"
    onClick={[Function]}
  >
    Delete
  </button>
</li>
`;
