// Jest Snapshot v1, https://goo.gl/fbAQLP

exports[`Pruebas sobre el componente <HookApp /> El componente debe pintarse correctamente 1`] = `
<div>
  <h1>
    Hola Mundo
  </h1>
</div>
`;
